// Jest Snapshot v1, https://goo.gl/fbAQLP

exports[`<CtaFotm/> render <CtaForm/> 1`] = `
<div
  class="sc-hGPBjI iTCSKB"
  direction="row"
>
  <div
    class="sc-dlVxhl lhvevl"
    data-testid="input-group"
  >
    <p
      class="sc-bBHxTw dCICuo"
    >
      Ready to watch? Enter your email to create or restart your membership.
    </p>
    <input
      class="sc-kfPuZi cbTujw"
      placeholder="Email address"
    />
    <button
      class="sc-fKVqWL bdthkQ"
    >
      Try it now
       
      <img
        alt="Try now"
        src="/images/icons/chevron-right.png"
      />
    </button>
  </div>
</div>
`;
