// Jest Snapshot v1, https://goo.gl/fbAQLP

exports[`<Loading /> renders the <Loading /> 1`] = `
<div
  class="sc-Galmp bMWYyW"
  data-testid="loading"
  src="/images/2.png"
>
  <img
    alt="Profile image"
    class="sc-fWCJzd dhYqHi"
    src="/images/users/undefined.png"
  />
</div>
`;

exports[`<Loading /> renders the <Loading.ReleaseBody /> 1`] = `null`;
