// Jest Snapshot v1, https://goo.gl/fbAQLP

exports[`<Profiles/> renders <Profiles/> 1`] = `
<div
  class="sc-nVkyK hQXjdv"
>
  <h1
    class="sc-hiwPVj cYrYUi"
  >
    Who's watching?
  </h1>
  <ul
    class="sc-ehCJOs dzEkCu"
  >
    <li
      class="sc-clIzBv itBSPx"
    >
      <img
        alt="Profile Image"
        class="sc-lcepkR evupQE"
        data-testid="profile-image"
        src="/images/users/2.png"
      />
      <p
        class="sc-gGCDDS juiESv"
      >
        Lemmy
      </p>
    </li>
  </ul>
  <button
    class="sc-faUpoM iFlaaN"
  >
    Manage Profiles
  </button>
</div>
`;
